// Jest Snapshot v1, https://goo.gl/fbAQLP

exports[`CreateAsset constructor should have valid schema 1`] = `
Object {
  "$id": "digitalAsset/create-asset",
  "properties": Object {
    "file_hash": Object {
      "dataType": "string",
      "fieldNumber": 3,
    },
    "file_name": Object {
      "dataType": "string",
      "fieldNumber": 1,
      "maxLength": 64,
    },
    "file_size": Object {
      "dataType": "uint32",
      "fieldNumber": 2,
    },
    "merkle_height": Object {
      "dataType": "uint32",
      "fieldNumber": 5,
    },
    "merkle_root": Object {
      "dataType": "string",
      "fieldNumber": 4,
    },
    "secret": Object {
      "dataType": "string",
      "fieldNumber": 6,
    },
  },
  "required": Array [
    "file_name",
    "file_size",
    "file_hash",
    "merkle_root",
    "merkle_height",
    "secret",
  ],
  "title": "CreateAsset transaction asset for digitalAsset module",
  "type": "object",
}
`;
